  Проверка источников на наличие зависимостей модуля…
  Terrain.cpp
E:\Projects\Проект\App1\App\Gameobjects\GameObject.hpp(264,55): warning C4305: аргумент: усечение из "double" в "float"
  (компиляция исходного файла "Gameobjects/Terrain.cpp")
  
E:\Projects\Проект\App1\App\Gameobjects\Terrain.cpp(95,13): warning C4244: инициализация: преобразование "double" в "float", возможна потеря данных
E:\Projects\Проект\App1\App\Gameobjects\Terrain.cpp(111,26): warning C4244: инициализация: преобразование "int" в "float", возможна потеря данных
E:\Projects\Проект\App1\App\Gameobjects\Terrain.cpp(112,26): warning C4244: инициализация: преобразование "int" в "float", возможна потеря данных
E:\Projects\Проект\App1\App\Gameobjects\Mesh.hpp(59,27): warning C4018: <: несоответствие типов со знаком и без знака
  (компиляция исходного файла "Gameobjects/Terrain.cpp")
      E:\Projects\Проект\App1\App\Gameobjects\Mesh.hpp(59,27):
      контекст создания экземпляра шаблона (сначала самый старый)
          E:\Projects\Проект\App1\App\Gameobjects\Mesh.hpp(69,18):
          выполняется компиляция ссылки на экземпляр шаблон функции "int BoneAnimation::GetKeyIndex<VectorKey>(float,const std::vector<VectorKey,std::allocator<VectorKey>> &) const"
  
Release\DebugDraw.obj : warning LNK4042: объект указан более одного раза; лишние не учитываются
Release\RigidBody.obj : warning LNK4042: объект указан более одного раза; лишние не учитываются
  Создание кода
  0 of 6927 functions ( 0.0%) were compiled, the rest were copied from previous compilation.
    0 functions were new in current compilation
    0 functions had inline decision re-evaluated but remain unchanged
  Создание кода завершено
  App.vcxproj -> E:\Projects\Проект\App1\Release\MyEngine.exe
