e:\projects\проект\app1\app\release\vc143.pdb
e:\projects\проект\app1\app\release\light.obj
e:\projects\проект\app1\app\release\camera.obj
e:\projects\проект\app1\app\release\stb_image.obj
e:\projects\проект\app1\app\release\mesh.obj
e:\projects\проект\app1\app\release\imgui_widgets.obj
e:\projects\проект\app1\app\release\imgui_tables.obj
e:\projects\проект\app1\app\release\imgui_impl_opengl3.obj
e:\projects\проект\app1\app\release\imgui_impl_glfw.obj
e:\projects\проект\app1\app\release\imgui_draw.obj
e:\projects\проект\app1\app\release\imgui.obj
e:\projects\проект\app1\app\release\main.obj
e:\projects\проект\app1\app\release\glm.obj
e:\projects\проект\app1\app\release\terrain.obj
e:\projects\проект\app1\app\release\scene.obj
e:\projects\проект\app1\app\release\rigidbody.obj
e:\projects\проект\app1\app\release\particle.obj
e:\projects\проект\app1\app\release\debugdraw.obj
e:\projects\проект\app1\app\release\animator.obj
e:\projects\проект\app1\app\release\player.obj
e:\projects\проект\app1\app\release\shadowmap.obj
e:\projects\проект\app1\app\release\shaderprogram.obj
e:\projects\проект\app1\app\release\glm.cppm.ifc
e:\projects\проект\app1\app\release\glm.cppm.ifc.d.json
e:\projects\проект\app1\app\release\glm.cppm.obj
e:\projects\проект\app1\app\release\glad.obj
e:\projects\проект\app1\app\release\clew.obj
e:\projects\проект\app1\app\release\glm.cppm.module.json
e:\projects\проект\app1\app\release\myengine.ipdb
e:\projects\проект\app1\app\release\myengine.iobj
e:\projects\проект\app1\release\myengine.pdb
e:\projects\проект\app1\release\myengine.exe
e:\projects\проект\app1\app\release\myengine.tlog\cl.command.1.tlog
e:\projects\проект\app1\app\release\myengine.tlog\cl.items.tlog
e:\projects\проект\app1\app\release\myengine.tlog\cl.read.1.tlog
e:\projects\проект\app1\app\release\myengine.tlog\cl.write.1.tlog
e:\projects\проект\app1\app\release\myengine.tlog\link.command.1.tlog
e:\projects\проект\app1\app\release\myengine.tlog\link.read.1.tlog
e:\projects\проект\app1\app\release\myengine.tlog\link.secondary.1.tlog
e:\projects\проект\app1\app\release\myengine.tlog\link.write.1.tlog
e:\projects\проект\app1\app\release\myengine_md.tlog\cl.command.1.tlog
e:\projects\проект\app1\app\release\myengine_md.tlog\microsoft.build.cpptasks.cl.read.1.tlog
e:\projects\проект\app1\app\release\myengine_md.tlog\microsoft.build.cpptasks.cl.write.1.tlog
